# Reference
# https://github.com/SFML/SFML/blob/master/src/SFML/Window/Unix/KeySymToUnicodeMapping.cpp

# Symbol key
altgr keycode 16 = asciitilde
altgr keycode 17 = grave
altgr keycode 18 = braceleft
altgr keycode 19 = braceright
altgr keycode 20 = bracketleft
altgr keycode 21 = bracketright
altgr keycode 22 = less
altgr keycode 23 = greater
altgr keycode 24 = asciicircum
altgr keycode 25 = percent

altgr keycode 30 = equal
altgr keycode 31 = division
altgr keycode 32 = plusminus
altgr keycode 33 = periodcentered
altgr keycode 34 = backslash
altgr keycode 35 = bar
altgr keycode 36 = ampersand
altgr keycode 37 = quotedbl # leftdoublequotemark
altgr keycode 38 = quotedbl # rightdoublequotemark

altgr keycode 44 = yen
altgr keycode 45 = euro
altgr keycode 46 = sterling
altgr keycode 47 = questiondown
altgr keycode 48 = exclamdown
altgr keycode 49 = guillemotleft
altgr keycode 50 = guillemotright

altgr keycode 113 = dollar

# Press power key sends Control + this code
# Use it for Tmux prefix
control keycode 171 = Control_b
# Short hold power key sends Tmux prefix + this key 
control keycode 174 = e

# Meta Q / A move between words
keycode 172 = F172
keycode 173 = F173
string F172 = "\033[1;5D"
string F173 = "\033[1;5C"

# Dollar key
keycode 113 = dollar

# Alt + enter
keycode 147 = Tab
# Alt + backspace
keycode 133 = Delete
# Alt + dollar key
keycode 232 = asciitilde

# Physical Alt key
keycode 130 = zero
keycode 135 = numbersign
keycode 136 = one
keycode 137 = two
keycode 138 = three
keycode 139 = parenleft
keycode 140 = parenright
keycode 141 = underscore
keycode 142 = minus
keycode 143 = plus
keycode 144 = at

keycode 149 = asterisk
keycode 150 = four
keycode 151 = five
keycode 152 = six
keycode 153 = slash
keycode 154 = colon
keycode 155 = semicolon
keycode 156 = apostrophe
keycode 157 = quotedbl

keycode 163 = seven
keycode 164 = eight
keycode 165 = nine
keycode 166 = question
keycode 167 = exclam
keycode 168 = comma
keycode 169 = period
